// Jest Snapshot v1, https://goo.gl/fbAQLP

exports[`loader should fail on bad paths: bad-path-failure 1`] = `undefined`;

exports[`loader should work with "ModuleConcatenationPlugin" plugin: assets 1`] = `
Array [
  "main.bundle.js",
]
`;

exports[`loader should work with "ModuleConcatenationPlugin" plugin: errors 1`] = `Array []`;

exports[`loader should work with "ModuleConcatenationPlugin" plugin: result 1`] = `"Hello World"`;

exports[`loader should work with "ModuleConcatenationPlugin" plugin: warnings 1`] = `Array []`;

exports[`loader should work with JSON: assets 1`] = `
Array [
  "main.bundle.js",
]
`;

exports[`loader should work with JSON: errors 1`] = `Array []`;

exports[`loader should work with JSON: result 1`] = `
Object {
  "date_created": "2020-12-01",
  "first_name": "Dan",
  "username": "justsml",
}
`;

exports[`loader should work with JSON: warnings 1`] = `Array []`;

exports[`loader should work with inline loader: assets 1`] = `
Array [
  "main.bundle.js",
]
`;

exports[`loader should work with inline loader: errors 1`] = `Array []`;

exports[`loader should work with inline loader: result 1`] = `"Hello World"`;

exports[`loader should work with inline loader: warnings 1`] = `Array []`;

exports[`loader should work: assets 1`] = `
Array [
  "main.bundle.js",
]
`;

exports[`loader should work: errors 1`] = `Array []`;

exports[`loader should work: result 1`] = `"Hello World"`;

exports[`loader should work: warnings 1`] = `Array []`;
